
Warning-[LINX_KRNL] Unsupported Linux kernel
  Linux kernel '6.8.0-57-generic' is not supported.
  Supported versions are 2.4* or 2.6*.

Command: vcs -full64 -sverilog hello.v -l compile.log
                         Chronologic VCS (TM)
       Version O-2018.09-SP2_Full64 -- Wed May 21 13:37:04 2025
               Copyright (c) 1991-2018 by Synopsys Inc.
                         ALL RIGHTS RESERVED

This program is proprietary and confidential information of Synopsys Inc.
and may be used and disclosed only as authorized in a license agreement
controlling such use and disclosure.

Parsing design file 'hello.v'
Top Level Modules:
       hello
No TimeScale specified
Starting vcs inline pass...

1 module and 0 UDP read.
recompiling module hello
rm -f _csrc*.so pre_vcsobj_*.so share_vcsobj_*.so
if [ -x ../simv ]; then chmod -x ../simv; fi
g++  -o ../simv -no-pie  -Wl,--no-as-needed    -Wl,-rpath-link=./ -Wl,-rpath='$ORIGIN'/simv.daidir/ \
-Wl,-rpath=./simv.daidir/ -Wl,-rpath='$ORIGIN'/simv.daidir//scsim.db.dir  -L/usr/lib/x86_64-linux-gnu \
-L/lib/x86_64-linux-gnu -Wl,--no-as-needed -rdynamic  -Wl,-rpath=/home/zjc/vcs/vcs2018/vcs/O-2018.09-SP2/linux64/lib \
-L/home/zjc/vcs/vcs2018/vcs/O-2018.09-SP2/linux64/lib   objs/amcQw_d.o  _5311_archive_1.so \
SIM_l.o       rmapats_mop.o rmapats.o rmar.o rmar_nd.o  rmar_llvm_0_1.o rmar_llvm_0_0.o \
-lzerosoft_rt_stubs -lvirsim -lerrorinf -lsnpsmalloc -lvfs    -lvcsnew -lsimprofile \
-luclinative /home/zjc/vcs/vcs2018/vcs/O-2018.09-SP2/linux64/lib/vcs_tls.o   -Wl,-whole-archive \
-lvcsucli -Wl,-no-whole-archive          /home/zjc/vcs/vcs2018/vcs/O-2018.09-SP2/linux64/lib/vcs_save_restore_new.o \
-ldl  -lc -lm -lpthread -ldl 
/usr/bin/ld: /home/zjc/vcs/vcs2018/vcs/O-2018.09-SP2/linux64/lib/vcs_save_restore_new.o: \
in function `SNPSee_907e539fb4bc8f7101eac356af4ce4ed':
../../OBJ/lib/saverestoreobj/obj-linux64/kernel.o:(.text+0xc41): undefined reference \
to `pthread_yield'
collect2: error: ld returned 1 exit status
make: *** [Makefile:110: product_timestamp] Error 1
Make exited with status 2
CPU time: .353 seconds to compile + .341 seconds to elab + .238 seconds to link
